// Jest Snapshot v1, https://goo.gl/fbAQLP

exports[`Main @render renders in default state 1`] = `
ShallowWrapper {
  "length": 1,
  Symbol(enzyme.__root__): [Circular],
  Symbol(enzyme.__unrendered__): <WrappedCmp
    getScatterData={[Function]}
    scatterData={
      Array [
        Object {
          "x": 30,
          "y": 20,
        },
        Object {
          "x": 50,
          "y": 70,
        },
      ]
    }
  />,
  Symbol(enzyme.__renderer__): Object {
    "batchedUpdates": [Function],
    "getNode": [Function],
    "render": [Function],
    "simulateEvent": [Function],
    "unmount": [Function],
  },
  Symbol(enzyme.__node__): Object {
    "instance": null,
    "key": undefined,
    "nodeType": "class",
    "props": Object {
      "children": <Connect(Component)
        getScatterData={[Function]}
        scatterData={
          Array [
            Object {
              "x": 30,
              "y": 20,
            },
            Object {
              "x": 50,
              "y": 70,
            },
          ]
        }
      />,
      "store": Object {
        "dispatch": [Function],
        "getState": [Function],
        "replaceReducer": [Function],
        "subscribe": [Function],
        Symbol(observable): [Function],
      },
    },
    "ref": null,
    "rendered": Object {
      "instance": null,
      "key": undefined,
      "nodeType": "class",
      "props": Object {
        "getScatterData": [Function],
        "scatterData": Array [
          Object {
            "x": 30,
            "y": 20,
          },
          Object {
            "x": 50,
            "y": 70,
          },
        ],
      },
      "ref": null,
      "rendered": null,
      "type": [Function],
    },
    "type": [Function],
  },
  Symbol(enzyme.__nodes__): Array [
    Object {
      "instance": null,
      "key": undefined,
      "nodeType": "class",
      "props": Object {
        "children": <Connect(Component)
          getScatterData={[Function]}
          scatterData={
            Array [
              Object {
                "x": 30,
                "y": 20,
              },
              Object {
                "x": 50,
                "y": 70,
              },
            ]
          }
        />,
        "store": Object {
          "dispatch": [Function],
          "getState": [Function],
          "replaceReducer": [Function],
          "subscribe": [Function],
          Symbol(observable): [Function],
        },
      },
      "ref": null,
      "rendered": Object {
        "instance": null,
        "key": undefined,
        "nodeType": "class",
        "props": Object {
          "getScatterData": [Function],
          "scatterData": Array [
            Object {
              "x": 30,
              "y": 20,
            },
            Object {
              "x": 50,
              "y": 70,
            },
          ],
        },
        "ref": null,
        "rendered": null,
        "type": [Function],
      },
      "type": [Function],
    },
  ],
  Symbol(enzyme.__options__): Object {
    "adapter": ReactSixteenAdapter {
      "options": Object {
        "enableComponentDidUpdateOnSetState": true,
      },
    },
  },
}
`;
